// Jest Snapshot v1, https://goo.gl/fbAQLP

exports[`should render AddPayment correctly 1`] = `ShallowWrapper {}`;
